// Jest Snapshot v1, https://goo.gl/fbAQLP

exports[`MyComponent should render correctly in "debug" mode 1`] = `
<div>
  <AudienceReview
    reviews={Array []}
    title=""
  />
</div>
`;
